core_cm7.h:2229:22:SCB_EnableICache	4	static,ignoring_inline_asm
core_cm7.h:2281:22:SCB_EnableDCache	24	static,ignoring_inline_asm
main.c:97:6:HAL_ADC_ConvCpltCallback	16	static
main.c:102:6:HAL_GPIO_EXTI_Callback	16	static
main.c:138:6:HAL_TIM_PeriodElapsedCallback	16	static
main.c:150:6:mainMenu	16	static
main.c:192:9:mainCycle	144	static
main.c:270:5:main	72	static
main.c:376:6:SystemClock_Config	232	static
main.c:437:13:MX_ADC1_Init	24	static
main.c:487:13:MX_DMA2D_Init	8	static
main.c:526:13:MX_DSIHOST_DSI_Init	176	static
main.c:635:13:MX_LTDC_Init	112	static
main.c:717:13:MX_TIM6_Init	24	static
main.c:755:13:MX_TIM7_Init	24	static
main.c:789:13:MX_FMC_Init	40	static
main.c:840:13:MX_GPIO_Init	64	static
main.c:877:13:LCD_Config	16	static
main.c:909:6:Error_Handler	4	static
