core_cm7.h:2229:22:SCB_EnableICache	4	static,ignoring_inline_asm
core_cm7.h:2281:22:SCB_EnableDCache	24	static,ignoring_inline_asm
main.c:127:6:HAL_ADC_ConvCpltCallback	16	static
main.c:133:6:HAL_GPIO_EXTI_Callback	16	static
main.c:173:6:HAL_TIM_PeriodElapsedCallback	16	static
main.c:186:6:readPlayers	120	static
main.c:224:9:insideRectangle	16	static
main.c:239:6:mainMenu	24	static
main.c:288:6:printMainMenu	8	static
main.c:317:6:printTime	8	static
main.c:335:6:printTemperature	16	static
main.c:356:9:mainCycle	88	static
main.c:478:5:main	208	static
main.c:686:6:SystemClock_Config	232	static
main.c:750:13:MX_ADC1_Init	24	static
main.c:800:13:MX_DMA2D_Init	8	static
main.c:839:13:MX_DSIHOST_DSI_Init	176	static
main.c:948:13:MX_LTDC_Init	112	static
main.c:1030:13:MX_SDMMC2_SD_Init	4	static
main.c:1058:13:MX_TIM6_Init	24	static
main.c:1096:13:MX_TIM7_Init	24	static
main.c:1130:13:MX_FMC_Init	40	static
main.c:1181:13:MX_GPIO_Init	64	static
main.c:1224:13:LCD_Config	16	static
main.c:1246:6:Error_Handler	8	static
