core_cm7.h:2229:22:SCB_EnableICache	4	static,ignoring_inline_asm
core_cm7.h:2281:22:SCB_EnableDCache	24	static,ignoring_inline_asm
main.c:115:6:HAL_ADC_ConvCpltCallback	16	static
main.c:120:6:HAL_GPIO_EXTI_Callback	16	static
main.c:154:9:insideRectangle	16	static
main.c:168:6:HAL_TIM_PeriodElapsedCallback	16	static
main.c:180:6:mainMenu	24	static
main.c:218:6:printMainMenu	24	static
main.c:249:9:mainCycle	144	static
main.c:327:5:main	72	static
main.c:437:6:SystemClock_Config	232	static
main.c:498:13:MX_ADC1_Init	24	static
main.c:548:13:MX_DMA2D_Init	8	static
main.c:587:13:MX_DSIHOST_DSI_Init	176	static
main.c:696:13:MX_LTDC_Init	112	static
main.c:778:13:MX_TIM6_Init	24	static
main.c:816:13:MX_TIM7_Init	24	static
main.c:850:13:MX_FMC_Init	40	static
main.c:901:13:MX_GPIO_Init	64	static
main.c:938:13:LCD_Config	16	static
main.c:960:6:Error_Handler	4	static
