core_cm7.h:2229:22:SCB_EnableICache	4	static,ignoring_inline_asm
core_cm7.h:2281:22:SCB_EnableDCache	24	static,ignoring_inline_asm
main.c:131:6:HAL_ADC_ConvCpltCallback	16	static
main.c:137:6:HAL_GPIO_EXTI_Callback	16	static
main.c:177:6:HAL_TIM_PeriodElapsedCallback	16	static
main.c:191:9:insideRectangle	16	static
main.c:206:6:mainMenu	24	static
main.c:248:6:printMainMenu	8	static
main.c:277:6:printTime	8	static
main.c:295:6:printTemperature	16	static
main.c:316:9:mainCycle	96	static
main.c:438:5:main	200	static
main.c:637:6:SystemClock_Config	232	static
main.c:701:13:MX_ADC1_Init	24	static
main.c:751:13:MX_DMA2D_Init	8	static
main.c:790:13:MX_DSIHOST_DSI_Init	176	static
main.c:899:13:MX_LTDC_Init	112	static
main.c:981:13:MX_SDMMC2_SD_Init	4	static
main.c:1009:13:MX_TIM6_Init	24	static
main.c:1047:13:MX_TIM7_Init	24	static
main.c:1081:13:MX_FMC_Init	40	static
main.c:1132:13:MX_GPIO_Init	64	static
main.c:1175:13:LCD_Config	16	static
main.c:1197:6:Error_Handler	8	static
