core_cm7.h:2229:22:SCB_EnableICache	4	static,ignoring_inline_asm
core_cm7.h:2281:22:SCB_EnableDCache	24	static,ignoring_inline_asm
main.c:92:6:HAL_ADC_ConvCpltCallback	16	static
main.c:97:6:HAL_GPIO_EXTI_Callback	16	static
main.c:119:6:HAL_TIM_PeriodElapsedCallback	16	static
main.c:133:5:main	72	static
main.c:230:6:SystemClock_Config	232	static
main.c:291:13:MX_ADC1_Init	24	static
main.c:341:13:MX_DMA2D_Init	8	static
main.c:380:13:MX_DSIHOST_DSI_Init	176	static
main.c:489:13:MX_LTDC_Init	112	static
main.c:571:13:MX_TIM6_Init	24	static
main.c:605:13:MX_FMC_Init	40	static
main.c:656:13:MX_GPIO_Init	64	static
main.c:683:13:LCD_Config	16	static
main.c:713:6:Error_Handler	4	static
