core_cm7.h:2229:22:SCB_EnableICache	4	static,ignoring_inline_asm
core_cm7.h:2281:22:SCB_EnableDCache	24	static,ignoring_inline_asm
main.c:129:6:HAL_ADC_ConvCpltCallback	16	static
main.c:134:6:HAL_GPIO_EXTI_Callback	16	static
main.c:169:9:insideRectangle	16	static
main.c:183:6:HAL_TIM_PeriodElapsedCallback	16	static
main.c:196:6:mainMenu	24	static
main.c:235:6:printMainMenu	8	static
main.c:263:6:printTime	8	static
main.c:283:9:mainCycle	96	static
main.c:402:5:main	32	static
main.c:589:6:SystemClock_Config	232	static
main.c:653:13:MX_ADC1_Init	24	static
main.c:703:13:MX_DMA2D_Init	8	static
main.c:742:13:MX_DSIHOST_DSI_Init	176	static
main.c:851:13:MX_LTDC_Init	112	static
main.c:933:13:MX_SDMMC2_SD_Init	4	static
main.c:961:13:MX_TIM6_Init	24	static
main.c:999:13:MX_TIM7_Init	24	static
main.c:1033:13:MX_FMC_Init	40	static
main.c:1084:13:MX_GPIO_Init	64	static
main.c:1127:13:LCD_Config	16	static
main.c:1149:6:Error_Handler	8	static
