core_cm7.h:2229:22:SCB_EnableICache	4	static,ignoring_inline_asm
core_cm7.h:2281:22:SCB_EnableDCache	24	static,ignoring_inline_asm
main.c:131:6:HAL_ADC_ConvCpltCallback	16	static
main.c:137:6:HAL_GPIO_EXTI_Callback	16	static
main.c:175:6:HAL_TIM_PeriodElapsedCallback	16	static
main.c:189:9:insideRectangle	16	static
main.c:204:6:mainMenu	24	static
main.c:244:6:printMainMenu	8	static
main.c:273:6:printTime	8	static
main.c:292:6:printTemperature	16	static
main.c:314:9:mainCycle	96	static
main.c:435:5:main	24	static
main.c:608:6:SystemClock_Config	232	static
main.c:672:13:MX_ADC1_Init	24	static
main.c:722:13:MX_DMA2D_Init	8	static
main.c:761:13:MX_DSIHOST_DSI_Init	176	static
main.c:870:13:MX_LTDC_Init	112	static
main.c:952:13:MX_SDMMC2_SD_Init	4	static
main.c:980:13:MX_TIM6_Init	24	static
main.c:1018:13:MX_TIM7_Init	24	static
main.c:1052:13:MX_FMC_Init	40	static
main.c:1103:13:MX_GPIO_Init	64	static
main.c:1146:13:LCD_Config	16	static
main.c:1168:6:Error_Handler	8	static
