core_cm7.h:2229:22:SCB_EnableICache	4	static,ignoring_inline_asm
core_cm7.h:2281:22:SCB_EnableDCache	24	static,ignoring_inline_asm
main.c:133:6:HAL_ADC_ConvCpltCallback	16	static
main.c:139:6:HAL_GPIO_EXTI_Callback	16	static
main.c:179:6:HAL_TIM_PeriodElapsedCallback	16	static
main.c:192:6:readPlayers	120	static
main.c:230:9:insideRectangle	16	static
main.c:245:6:mainMenu	24	static
main.c:294:6:printMainMenu	8	static
main.c:323:6:printTime	8	static
main.c:341:6:printTemperature	16	static
main.c:362:9:mainCycle	88	static
main.c:484:5:main	200	static
main.c:688:6:SystemClock_Config	232	static
main.c:752:13:MX_ADC1_Init	24	static
main.c:802:13:MX_DMA2D_Init	8	static
main.c:841:13:MX_DSIHOST_DSI_Init	176	static
main.c:950:13:MX_LTDC_Init	112	static
main.c:1032:13:MX_SDMMC2_SD_Init	4	static
main.c:1060:13:MX_TIM6_Init	24	static
main.c:1098:13:MX_TIM7_Init	24	static
main.c:1132:13:MX_FMC_Init	40	static
main.c:1183:13:MX_GPIO_Init	64	static
main.c:1226:13:LCD_Config	16	static
main.c:1248:6:Error_Handler	8	static
