core_cm7.h:2229:22:SCB_EnableICache	4	static,ignoring_inline_asm
core_cm7.h:2281:22:SCB_EnableDCache	24	static,ignoring_inline_asm
main.c:117:6:HAL_ADC_ConvCpltCallback	16	static
main.c:122:6:HAL_GPIO_EXTI_Callback	16	static
main.c:157:9:insideRectangle	16	static
main.c:171:6:HAL_TIM_PeriodElapsedCallback	16	static
main.c:183:6:mainMenu	24	static
main.c:221:6:printMainMenu	24	static
main.c:252:9:mainCycle	144	static
main.c:342:5:main	72	static
main.c:458:6:SystemClock_Config	232	static
main.c:519:13:MX_ADC1_Init	24	static
main.c:569:13:MX_DMA2D_Init	8	static
main.c:608:13:MX_DSIHOST_DSI_Init	176	static
main.c:717:13:MX_LTDC_Init	112	static
main.c:799:13:MX_TIM6_Init	24	static
main.c:837:13:MX_TIM7_Init	24	static
main.c:871:13:MX_FMC_Init	40	static
main.c:922:13:MX_GPIO_Init	64	static
main.c:959:13:LCD_Config	16	static
main.c:981:6:Error_Handler	4	static
