core_cm7.h:2229:22:SCB_EnableICache	4	static,ignoring_inline_asm
core_cm7.h:2281:22:SCB_EnableDCache	24	static,ignoring_inline_asm
main.c:123:6:HAL_ADC_ConvCpltCallback	16	static
main.c:128:6:HAL_GPIO_EXTI_Callback	16	static
main.c:163:9:insideRectangle	16	static
main.c:177:6:HAL_TIM_PeriodElapsedCallback	16	static
main.c:190:6:mainMenu	24	static
main.c:229:6:printMainMenu	8	static
main.c:257:6:printTime	16	static
main.c:278:9:mainCycle	96	static
main.c:397:5:main	32	static
main.c:542:6:SystemClock_Config	232	static
main.c:603:13:MX_ADC1_Init	24	static
main.c:653:13:MX_DMA2D_Init	8	static
main.c:692:13:MX_DSIHOST_DSI_Init	176	static
main.c:801:13:MX_LTDC_Init	112	static
main.c:883:13:MX_TIM6_Init	24	static
main.c:921:13:MX_TIM7_Init	24	static
main.c:955:13:MX_FMC_Init	40	static
main.c:1006:13:MX_GPIO_Init	64	static
main.c:1043:13:LCD_Config	16	static
main.c:1065:6:Error_Handler	4	static
