core_cm7.h:2229:22:SCB_EnableICache	4	static,ignoring_inline_asm
core_cm7.h:2281:22:SCB_EnableDCache	24	static,ignoring_inline_asm
main.c:127:6:HAL_ADC_ConvCpltCallback	16	static
main.c:133:6:HAL_GPIO_EXTI_Callback	16	static
main.c:172:6:HAL_TIM_PeriodElapsedCallback	16	static
main.c:185:6:readPlayers	120	static
main.c:223:9:insideRectangle	16	static
main.c:238:6:mainMenu	24	static
main.c:287:6:printMainMenu	8	static
main.c:316:6:printTime	8	static
main.c:334:6:printTemperature	16	static
main.c:355:9:mainCycle	88	static
main.c:490:5:main	208	static
main.c:696:6:SystemClock_Config	232	static
main.c:760:13:MX_ADC1_Init	24	static
main.c:810:13:MX_DMA2D_Init	8	static
main.c:849:13:MX_DSIHOST_DSI_Init	176	static
main.c:958:13:MX_LTDC_Init	112	static
main.c:1040:13:MX_SDMMC2_SD_Init	4	static
main.c:1068:13:MX_TIM6_Init	24	static
main.c:1106:13:MX_TIM7_Init	24	static
main.c:1140:13:MX_FMC_Init	40	static
main.c:1191:13:MX_GPIO_Init	64	static
main.c:1234:13:LCD_Config	16	static
main.c:1256:6:Error_Handler	8	static
