core_cm7.h:2229:22:SCB_EnableICache	4	static,ignoring_inline_asm
core_cm7.h:2281:22:SCB_EnableDCache	24	static,ignoring_inline_asm
main.c:131:6:HAL_ADC_ConvCpltCallback	16	static
main.c:137:6:HAL_GPIO_EXTI_Callback	16	static
main.c:179:6:HAL_TIM_PeriodElapsedCallback	16	static
main.c:193:9:insideRectangle	16	static
main.c:208:6:mainMenu	24	static
main.c:248:6:printMainMenu	8	static
main.c:277:6:printTime	8	static
main.c:296:6:printTemperature	16	static
main.c:318:9:mainCycle	96	static
main.c:439:5:main	200	static
main.c:641:6:SystemClock_Config	232	static
main.c:705:13:MX_ADC1_Init	24	static
main.c:755:13:MX_DMA2D_Init	8	static
main.c:794:13:MX_DSIHOST_DSI_Init	176	static
main.c:903:13:MX_LTDC_Init	112	static
main.c:985:13:MX_SDMMC2_SD_Init	4	static
main.c:1013:13:MX_TIM6_Init	24	static
main.c:1051:13:MX_TIM7_Init	24	static
main.c:1085:13:MX_FMC_Init	40	static
main.c:1136:13:MX_GPIO_Init	64	static
main.c:1179:13:LCD_Config	16	static
main.c:1201:6:Error_Handler	8	static
